Building Windows application...                                 
Building Windows application...                                    35,7s
